// Jest Snapshot v1, https://goo.gl/fbAQLP

exports[`WizardStepper should take a snapshot 1`] = `
<DocumentFragment>
  <div
    class="makeStyles-stepper-1"
  >
    <button
      class="MuiButtonBase-root MuiButton-root MuiButton-outlined makeStyles-centeredStepButton-3 MuiButton-outlinedPrimary MuiButton-disableElevation Mui-disabled Mui-disabled"
      disabled=""
      tabindex="-1"
      type="button"
    >
      <span
        class="MuiButton-label"
      >
        <svg
          aria-hidden="true"
          class="MuiSvgIcon-root MuiSvgIcon-fontSizeLarge"
          focusable="false"
          viewBox="0 0 24 24"
        >
          <path
            d="M11.67 3.87L9.9 2.1 0 12l9.9 9.9 1.77-1.77L3.54 12z"
          />
        </svg>
        Back
      </span>
    </button>
    <div
      class="MuiPaper-root MuiStepper-root MuiStepper-horizontal makeStyles-stepperContainer-2 MuiStepper-alternativeLabel MuiPaper-elevation0"
    >
      <div
        class="MuiStep-root MuiStep-horizontal MuiStep-alternativeLabel"
      >
        <span
          class="MuiStepLabel-root MuiStepLabel-horizontal MuiStepLabel-alternativeLabel"
        >
          <span
            class="MuiStepLabel-iconContainer MuiStepLabel-alternativeLabel"
          >
            <div
              class="makeStyles-root-4 makeStyles-active-5"
            >
              <div
                class="makeStyles-circle-6"
              />
            </div>
          </span>
          <span
            class="MuiStepLabel-labelContainer"
          >
            <span
              class="MuiTypography-root MuiStepLabel-label MuiStepLabel-alternativeLabel MuiStepLabel-active MuiTypography-body2 MuiTypography-displayBlock"
            >
              Folder Name & Description
            </span>
          </span>
        </span>
      </div>
      <div
        class="MuiStep-root MuiStep-horizontal MuiStep-alternativeLabel"
      >
        <div
          class="MuiStepConnector-root MuiStepConnector-horizontal MuiStepConnector-alternativeLabel WithStyles(ForwardRef(StepConnector))-alternativeLabel-9 Mui-disabled"
        >
          <span
            class="MuiStepConnector-line WithStyles(ForwardRef(StepConnector))-line-12 MuiStepConnector-lineHorizontal"
          />
        </div>
        <span
          class="MuiStepLabel-root MuiStepLabel-horizontal Mui-disabled MuiStepLabel-alternativeLabel"
        >
          <span
            class="MuiStepLabel-iconContainer MuiStepLabel-alternativeLabel"
          >
            <div
              class="makeStyles-root-4"
            >
              <div
                class="makeStyles-circle-6"
              />
            </div>
          </span>
          <span
            class="MuiStepLabel-labelContainer"
          >
            <span
              class="MuiTypography-root MuiStepLabel-label MuiStepLabel-alternativeLabel MuiTypography-body2 MuiTypography-displayBlock"
            >
              Add Objects
            </span>
          </span>
        </span>
      </div>
      <div
        class="MuiStep-root MuiStep-horizontal MuiStep-alternativeLabel"
      >
        <div
          class="MuiStepConnector-root MuiStepConnector-horizontal MuiStepConnector-alternativeLabel WithStyles(ForwardRef(StepConnector))-alternativeLabel-9 Mui-disabled"
        >
          <span
            class="MuiStepConnector-line WithStyles(ForwardRef(StepConnector))-line-12 MuiStepConnector-lineHorizontal"
          />
        </div>
        <span
          class="MuiStepLabel-root MuiStepLabel-horizontal Mui-disabled MuiStepLabel-alternativeLabel"
        >
          <span
            class="MuiStepLabel-iconContainer MuiStepLabel-alternativeLabel"
          >
            <div
              class="makeStyles-root-4"
            >
              <div
                class="makeStyles-circle-6"
              />
            </div>
          </span>
          <span
            class="MuiStepLabel-labelContainer"
          >
            <span
              class="MuiTypography-root MuiStepLabel-label MuiStepLabel-alternativeLabel MuiTypography-body2 MuiTypography-displayBlock"
            >
              Summary
            </span>
          </span>
        </span>
      </div>
    </div>
    <button
      class="MuiButtonBase-root MuiButton-root MuiButton-outlined makeStyles-centeredStepButton-3 MuiButton-outlinedPrimary MuiButton-disableElevation"
      tabindex="0"
      type="button"
    >
      <span
        class="MuiButton-label"
      >
        Next
        <svg
          aria-hidden="true"
          class="MuiSvgIcon-root MuiSvgIcon-fontSizeLarge"
          focusable="false"
          viewBox="0 0 24 24"
        >
          <path
            d="M5.88 4.12L13.76 12l-7.88 7.88L8 22l10-10L8 2z"
          />
        </svg>
      </span>
      <span
        class="MuiTouchRipple-root"
      />
    </button>
  </div>
</DocumentFragment>
`;
