// Jest Snapshot v1, https://goo.gl/fbAQLP

exports[`WizardStepper should open dialog on click of cancel 1`] = `
"Snapshot Diff:
- First value
+ Second value

@@ -49,7 +49,8 @@
              Publish
            </span>
          </button>
        </div>
      </div>
+     <div />
    </div>
  </DocumentFragment>"
`;
